TAP version 13
# Subtest: F1 CLI settles canonical tokens and proves atomic rejections on a fresh mainnet fork
ok 1 - F1 CLI settles canonical tokens and proves atomic rejections on a fresh mainnet fork
  ---
  duration_ms: 10190.455639
  type: 'test'
  ...
# Subtest: F1 CLI rejects a nonlocal RPC before sending a transaction
ok 2 - F1 CLI rejects a nonlocal RPC before sending a transaction
  ---
  duration_ms: 552.641753
  type: 'test'
  ...
# Subtest: F2 public CLI consumes two live sources and settles under fresh and fallback tuning
not ok 3 - F2 public CLI consumes two live sources and settles under fresh and fallback tuning
  ---
  duration_ms: 5700.490744
  type: 'test'
  location: '/tmp/counterweight-p4-clean-tGCgWP/test/live/f2.test.mjs:9:1'
  failureType: 'testCodeFailure'
  error: |-
    Command failed: /usr/bin/node scripts/proofs/f2.mjs --out /tmp/counterweight-f2-wEz95f/proof
    {
      "result": "FAIL",
      "error": "completed-hour snapshot",
      "out": "/tmp/counterweight-f2-wEz95f/proof"
    }
    
  code: 1
  stack: |-
    genericNodeError (node:internal/errors:983:15)
    wrappedFn (node:internal/errors:537:14)
    ChildProcess.exithandler (node:child_process:417:12)
    ChildProcess.emit (node:events:519:28)
    maybeClose (node:internal/child_process:1101:16)
    ChildProcess._handle.onexit (node:internal/child_process:304:5)
  ...
1..3
# tests 3
# suites 0
# pass 2
# fail 1
# cancelled 0
# skipped 0
# todo 0
# duration_ms 16556.990449
