TAP version 13
# Subtest: F1 CLI settles canonical tokens and proves atomic rejections on a fresh mainnet fork
ok 1 - F1 CLI settles canonical tokens and proves atomic rejections on a fresh mainnet fork
  ---
  duration_ms: 10621.635912
  type: 'test'
  ...
# Subtest: F1 CLI rejects a nonlocal RPC before sending a transaction
ok 2 - F1 CLI rejects a nonlocal RPC before sending a transaction
  ---
  duration_ms: 624.169981
  type: 'test'
  ...
1..2
# tests 2
# suites 0
# pass 2
# fail 0
# cancelled 0
# skipped 0
# todo 0
# duration_ms 11303.821299
