
> counterweight@0.1.0 test:fork
> node --test test/fork/*.test.mjs

TAP version 13
# Subtest: F1 CLI settles canonical tokens and proves atomic rejections on a fresh mainnet fork
ok 1 - F1 CLI settles canonical tokens and proves atomic rejections on a fresh mainnet fork
  ---
  duration_ms: 10051.146888
  type: 'test'
  ...
# Subtest: F1 CLI rejects a nonlocal RPC before sending a transaction
ok 2 - F1 CLI rejects a nonlocal RPC before sending a transaction
  ---
  duration_ms: 586.018654
  type: 'test'
  ...
1..2
# tests 2
# suites 0
# pass 2
# fail 0
# cancelled 0
# skipped 0
# todo 0
# duration_ms 10693.850859
